#include "imported_bundle.h"
#include <cpflib>

#include <array>
#include <ostream>
#include <regex>
#include <stdexcept>
#include <utility>

namespace {
   using parse_node_ptr = cpf::detail::parse_node_ptr;
   constexpr std::array<std::string_view, 4> imported_bundle_word_complexity_inputs_0{{
      "hello",
      "hello",
      "hello",
      "hello"
   }};
   constexpr std::array<std::string_view, 4> imported_bundle_word_complexity_inputs_1{{
      "hi",
      "hi",
      "hi",
      "hi"
   }};
   constexpr std::array<std::string_view, 4> imported_bundle_suffix_complexity_inputs_0{{
      "!",
      "!",
      "!",
      "!"
   }};
   constexpr std::array<std::string_view, 4> imported_bundle_message_complexity_inputs_0{{
      "hi !",
      "hello !",
      "hello !",
      "hello !"
   }};
   constexpr std::array<std::string_view, 4> imported_bundle_message_complexity_inputs_1{{
      "bye",
      "bye",
      "bye",
      "bye"
   }};
   constexpr std::array<std::string_view, 4> imported_bundle_greeting_complexity_inputs_0{{
      "hi !",
      "hello !",
      "hello !",
      "hello !"
   }};
   constexpr std::array<std::string_view, 4> imported_bundle_parting_complexity_inputs_0{{
      "bye",
      "bye",
      "bye",
      "bye"
   }};
} // namespace

namespace {
   constexpr std::array<cpf::detail::parser_symbol, 1> production_0_symbols{{
      {cpf::detail::parser_symbol_kind::terminal, 0, "hello"}
   }};
} // namespace

namespace {
   constexpr std::array<cpf::detail::parser_symbol, 1> production_1_symbols{{
      {cpf::detail::parser_symbol_kind::terminal, 1, "hi"}
   }};
} // namespace

namespace {
   constexpr std::array<cpf::detail::parser_symbol, 1> production_2_symbols{{
      {cpf::detail::parser_symbol_kind::terminal, 2, "!"}
   }};
} // namespace

namespace {
   constexpr std::array<cpf::detail::parser_symbol, 2> production_3_symbols{{
      {cpf::detail::parser_symbol_kind::nonterminal, 0, "imported_bundle_word"},
      {cpf::detail::parser_symbol_kind::nonterminal, 1, "imported_bundle_suffix"}
   }};
} // namespace

namespace {
   constexpr std::array<cpf::detail::parser_symbol, 1> production_4_symbols{{
      {cpf::detail::parser_symbol_kind::terminal, 3, "bye"}
   }};
} // namespace

namespace {
   constexpr std::array<cpf::detail::parser_symbol, 1> production_5_symbols{{
      {cpf::detail::parser_symbol_kind::nonterminal, 2, "imported_bundle_greeting"}
   }};
} // namespace

namespace {
   constexpr std::array<cpf::detail::parser_symbol, 1> production_6_symbols{{
      {cpf::detail::parser_symbol_kind::nonterminal, 3, "imported_bundle_parting"}
   }};
} // namespace

namespace {
   constexpr std::array<cpf::detail::lexer_symbol_spec, 4> grammar_token_symbols{{
      {cpf::detail::lexer_symbol_kind::literal, "hello", nullptr, 1},
      {cpf::detail::lexer_symbol_kind::literal, "hi", nullptr, 1},
      {cpf::detail::lexer_symbol_kind::literal, "!", nullptr, 2},
      {cpf::detail::lexer_symbol_kind::literal, "bye", nullptr, 9}
   }};
   constexpr std::array<cpf::detail::production_spec, 7> grammar_productions{{
      {0, "imported_bundle_word", "imported_bundle_word -> 'hello':value", production_0_symbols.data(), production_0_symbols.size()},
      {0, "imported_bundle_word", "imported_bundle_word -> 'hi':value", production_1_symbols.data(), production_1_symbols.size()},
      {1, "imported_bundle_suffix", "imported_bundle_suffix -> '!':value", production_2_symbols.data(), production_2_symbols.size()},
      {2, "imported_bundle_greeting", "imported_bundle_greeting -> imported_bundle_word:text imported_bundle_suffix:suffix", production_3_symbols.data(), production_3_symbols.size()},
      {3, "imported_bundle_parting", "imported_bundle_parting -> 'bye':text", production_4_symbols.data(), production_4_symbols.size()},
      {4, "imported_bundle_message", "imported_bundle_message -> imported_bundle_greeting", production_5_symbols.data(), production_5_symbols.size()},
      {4, "imported_bundle_message", "imported_bundle_message -> imported_bundle_parting", production_6_symbols.data(), production_6_symbols.size()}
   }};
   constexpr std::array<std::size_t, 7> grammar_rule_production_indices{{
      0,
      1,
      2,
      3,
      4,
      5,
      6
   }};
   constexpr std::array<std::size_t, 5> grammar_rule_production_offsets{{
      0,
      2,
      3,
      4,
      5
   }};
   constexpr std::array<std::size_t, 5> grammar_rule_production_counts{{
      2,
      1,
      1,
      1,
      2
   }};
   constexpr std::array<std::string_view, 5> grammar_rule_expected_labels{{
      "",
      "",
      "",
      "",
      ""
   }};
   constexpr std::array<cpf::detail::lexer_symbol_spec, 0> grammar_skip_symbols{{
   }};
   constexpr cpf::detail::grammar_spec grammar_spec{grammar_productions.data(), grammar_productions.size(), 5, grammar_rule_expected_labels.data(), grammar_rule_production_indices.data(), grammar_rule_production_offsets.data(), grammar_rule_production_counts.data(), grammar_token_symbols.data(), grammar_token_symbols.size(), grammar_skip_symbols.data(), grammar_skip_symbols.size(), true};
   constexpr std::array<std::string_view, 5> grammar_rule_names{{
      "imported_bundle_word",
      "imported_bundle_suffix",
      "imported_bundle_greeting",
      "imported_bundle_parting",
      "imported_bundle_message"
   }};


   constexpr std::array<cpf::detail::production_model_metadata, 7> production_model_metadata{{
      { true, false, 0, "imported_bundle_word", 0, 0, false, nullptr, 0 },
      { true, false, 0, "imported_bundle_word", 1, 0, false, nullptr, 0 },
      { true, false, 1, "imported_bundle_suffix", 0, 0, false, nullptr, 0 },
      { true, false, 2, "imported_bundle_greeting", 0, 0, false, nullptr, 0 },
      { true, false, 3, "imported_bundle_parting", 0, 0, false, nullptr, 0 },
      { true, false, 4, "imported_bundle_message", 0, 0, true, nullptr, 0 },
      { true, false, 4, "imported_bundle_message", 1, 0, true, nullptr, 0 }
   }};
   constexpr cpf::detail::model_spec grammar_model{grammar_spec, production_model_metadata.data(), production_model_metadata.size(), grammar_rule_names.data()};

   template<typename Rule, std::size_t SampleCount>
   cpf::complexity compute_generated_rule_complexity(const std::array<std::string_view, SampleCount>& inputs, std::string_view rule_name, std::size_t rule_id, std::size_t root_rule) {
      std::vector<std::tuple<std::string_view>> args;
      args.reserve(inputs.size());
      std::vector<double> arg_sizes;
      arg_sizes.reserve(inputs.size());
      for (const auto input : inputs) {
         args.emplace_back(input);
         arg_sizes.push_back(static_cast<double>(input.size()));
      }
      return cpf::complexity_of(
         [rule_name, rule_id, root_rule](std::string_view input) {
            auto result = cpf::detail::earley_recognize(input, grammar_spec, root_rule);
            if (!result.success) {
               throw std::runtime_error{"Generated complexity sample for rule '" + std::string{rule_name} + "' definition " + std::to_string(rule_id) + " failed to parse input: " + (result.error.has_value() ? result.error->message : std::string{"unknown parse failure"})};
            }
            return static_cast<std::size_t>(result.success);
         },
         std::move(args),
         std::move(arg_sizes));
   }
   std::unique_ptr<cpf::node> build_node(const parse_node_ptr& tree);

   template<typename T>
   std::unique_ptr<T> release_built_node_as(std::unique_ptr<cpf::node> built) {
      if (built == nullptr) {
         return nullptr;
      }
      auto* raw = dynamic_cast<T*>(built.get());
      if (raw == nullptr) {
         throw std::runtime_error{"Generated node cast failed"};
      }
      built.release();
      return std::unique_ptr<T>{raw};
   }


   [[maybe_unused]] bool validate_generated_node(const cpf::node& node) {
      switch (node.rule_id()) {
         case imported_bundle_word::RuleId: {
            return true;
         }
         case imported_bundle_suffix::RuleId: {
            return true;
         }
         case imported_bundle_greeting::RuleId: {
            const auto& value = static_cast<const imported_bundle_greeting&>(node);
            if (value.text && !validate_generated_node(*value.text)) {
               return false;
            }
            if (value.suffix && !validate_generated_node(*value.suffix)) {
               return false;
            }
            return true;
         }
         case imported_bundle_parting::RuleId: {
            return true;
         }
         default:
            return true;
      }
   }

   std::unique_ptr<cpf::node> build_node(const parse_node_ptr& tree) {
      switch (tree->production) {
         case 0: {
            auto node = std::make_unique<imported_bundle_word>();
            node->production_index = 0;
            node->range = tree->range;
            for (const auto& damage : tree->damage) {
               cpf::detail::add_damage(*node, damage);
            }
            node->value = cpf::detail::matched_child_at(tree, 0);
            return node;
         }
         case 1: {
            auto node = std::make_unique<imported_bundle_word>();
            node->production_index = 1;
            node->range = tree->range;
            for (const auto& damage : tree->damage) {
               cpf::detail::add_damage(*node, damage);
            }
            node->value = cpf::detail::matched_child_at(tree, 0);
            return node;
         }
         case 2: {
            auto node = std::make_unique<imported_bundle_suffix>();
            node->production_index = 0;
            node->range = tree->range;
            for (const auto& damage : tree->damage) {
               cpf::detail::add_damage(*node, damage);
            }
            node->value = cpf::detail::matched_child_at(tree, 0);
            return node;
         }
         case 3: {
            auto node = std::make_unique<imported_bundle_greeting>();
            node->production_index = 0;
            node->range = tree->range;
            for (const auto& damage : tree->damage) {
               cpf::detail::add_damage(*node, damage);
            }
            auto child_0 = build_node(cpf::detail::node_child_at(tree, 0));
            node->text = release_built_node_as<imported_bundle_word>(std::move(child_0));
            auto child_1 = build_node(cpf::detail::node_child_at(tree, 1));
            node->suffix = release_built_node_as<imported_bundle_suffix>(std::move(child_1));
            return node;
         }
         case 4: {
            auto node = std::make_unique<imported_bundle_parting>();
            node->production_index = 0;
            node->range = tree->range;
            for (const auto& damage : tree->damage) {
               cpf::detail::add_damage(*node, damage);
            }
            node->text = cpf::detail::matched_child_at(tree, 0);
            return node;
         }
         case 5: {
            return build_node(cpf::detail::node_child_at(tree, 0));
         }
         case 6: {
            return build_node(cpf::detail::node_child_at(tree, 0));
         }
         default:
            throw std::runtime_error{"Unknown parse production"};
      }
   }

   template<typename T>
   cpf::recognize_result recognize_generated(const cpf::token_sequence& tokens, std::size_t root_rule) {
      cpf::recognize_result result;
      auto recognized = cpf::detail::earley_recognize(tokens, grammar_spec, root_rule);
      result.success = recognized.success;
      if (!recognized.success) {
         result.error = std::move(recognized.error);
      }
      return result;
   }

   template<typename T>
   cpf::recognize_result recognize_generated(std::string_view input, std::size_t root_rule) {
      auto tokens = cpf::detail::lex_input(input, grammar_spec);
      return recognize_generated<T>(tokens, root_rule);
   }

   template<typename T>
   cpf::parse_result<T> parse_generated(const cpf::token_sequence& tokens, std::size_t root_rule, const cpf::parse_options& options) {
      return cpf::detail::parse_shared_forest<T>(
         [&]() { return cpf::detail::earley_recognize(tokens, grammar_spec, root_rule); },
         [&](cpf::detail::forest_span_order order) {
            return cpf::detail::earley_parse(tokens, grammar_spec, root_rule, options.allow_partial, order);
         },
         grammar_model,
         root_rule,
         options,
         [](const parse_node_ptr& tree) { return cpf::detail::validate_parse_tree(tree, grammar_model); },
         [](const parse_node_ptr& tree) {
            auto built = build_node(tree);
            return release_built_node_as<T>(std::move(built));
         },
         [](const T& root, std::vector<const cpf::node*>& damaged_nodes) {
            visit_recursive(root, [&](auto& current) {
               if (current.is_damaged()) {
                  damaged_nodes.push_back(&current);
               }
            });
         });
   }

   template<typename T>
   cpf::parse_result<T> parse_generated(std::string_view input, std::size_t root_rule, const cpf::parse_options& options) {
      auto tokens = cpf::detail::lex_input(input, grammar_spec);
      return parse_generated<T>(tokens, root_rule, options);
   }

   cpf::parse_result<cpf::cst_node> parse_generated_cst(const cpf::token_sequence& tokens, std::size_t root_rule, const cpf::parse_options& options) {
      return cpf::detail::parse_shared_forest<cpf::cst_node>(
         [&]() { return cpf::detail::earley_recognize(tokens, grammar_spec, root_rule); },
         [&](cpf::detail::forest_span_order order) {
            return cpf::detail::earley_parse(tokens, grammar_spec, root_rule, options.allow_partial, order);
         },
         grammar_model,
         root_rule,
         options,
         [](const parse_node_ptr& tree) { return cpf::detail::validate_parse_tree(tree, grammar_model); },
         [](const parse_node_ptr& tree) { return cpf::detail::build_cst_node(tree, grammar_model); },
         [](const cpf::cst_node& root, std::vector<const cpf::node*>& damaged_nodes) {
            cpf::visit_cst_recursive(root, [&](const cpf::cst_node& current) {
               if (current.is_damaged()) {
                  damaged_nodes.push_back(&current);
               }
            });
         });
   }

   [[maybe_unused]] cpf::parse_result<cpf::cst_node> parse_generated_cst(std::string_view input, std::size_t root_rule, const cpf::parse_options& options) {
      auto tokens = cpf::detail::lex_input(input, grammar_spec);
      return parse_generated_cst(tokens, root_rule, options);
   }
} // namespace

auto detail::lex_imported_bundle_generated(std::string_view input) -> cpf::token_sequence {
   return cpf::detail::lex_input(input, grammar_spec);
}

auto detail::parse_imported_bundle_word_default(std::string_view input, const cpf::parse_options& options) -> cpf::parse_result<imported_bundle_word> {
   auto tokens = detail::lex_imported_bundle_generated(input);
   return parse_imported_bundle_word_default(tokens, options);
}

auto detail::parse_imported_bundle_word_cst(std::string_view input, const cpf::parse_options& options) -> cpf::parse_result<cpf::cst_node> {
   auto tokens = detail::lex_imported_bundle_generated(input);
   return parse_imported_bundle_word_cst(tokens, options);
}

auto detail::parse_imported_bundle_word_default(const cpf::token_sequence& tokens, const cpf::parse_options& options) -> cpf::parse_result<imported_bundle_word> {
   return parse_generated<imported_bundle_word>(tokens, 0, options);
}

auto detail::parse_imported_bundle_word_cst(const cpf::token_sequence& tokens, const cpf::parse_options& options) -> cpf::parse_result<cpf::cst_node> {
   return parse_generated_cst(tokens, 0, options);
}

auto detail::recognize_imported_bundle_word_default(std::string_view input) -> cpf::recognize_result {
   auto tokens = detail::lex_imported_bundle_generated(input);
   return recognize_imported_bundle_word_default(tokens);
}

auto detail::recognize_imported_bundle_word_default(const cpf::token_sequence& tokens) -> cpf::recognize_result {
   return recognize_generated<imported_bundle_word>(tokens, 0);
}

namespace {
   std::array<cpf::complexity, 2> imported_bundle_word_complexity_cache{};
} // namespace

auto detail::complexity_inputs_imported_bundle_word_default(std::size_t production_index) -> std::span<const std::string_view> {
   switch (production_index) {
      case 0:
         return std::span<const std::string_view>{imported_bundle_word_complexity_inputs_0.data(), imported_bundle_word_complexity_inputs_0.size()};
      case 1:
         return std::span<const std::string_view>{imported_bundle_word_complexity_inputs_1.data(), imported_bundle_word_complexity_inputs_1.size()};
      default:
         throw std::out_of_range{"Unknown production index " + std::to_string(production_index) + " for rule 'imported_bundle_word'"};
   }
}

auto detail::complexity_imported_bundle_word_default(std::size_t production_index) -> const cpf::complexity& {
   switch (production_index) {
      case 0:
         return imported_bundle_word_complexity_cache[0];
      case 1:
         return imported_bundle_word_complexity_cache[1];
      default:
         throw std::out_of_range{"Unknown production index " + std::to_string(production_index) + " for rule 'imported_bundle_word'"};
   }
}

auto detail::recompute_complexity_imported_bundle_word_default(std::size_t production_index) -> const cpf::complexity& {
   switch (production_index) {
      case 0:
         imported_bundle_word_complexity_cache[0] = compute_generated_rule_complexity<imported_bundle_word>(imported_bundle_word_complexity_inputs_0, "imported_bundle_word", 0, 0);
         return imported_bundle_word_complexity_cache[0];
      case 1:
         imported_bundle_word_complexity_cache[1] = compute_generated_rule_complexity<imported_bundle_word>(imported_bundle_word_complexity_inputs_1, "imported_bundle_word", 1, 0);
         return imported_bundle_word_complexity_cache[1];
      default:
         throw std::out_of_range{"Unknown production index " + std::to_string(production_index) + " for rule 'imported_bundle_word'"};
   }
}

auto detail::parse_imported_bundle_suffix_default(std::string_view input, const cpf::parse_options& options) -> cpf::parse_result<imported_bundle_suffix> {
   auto tokens = detail::lex_imported_bundle_generated(input);
   return parse_imported_bundle_suffix_default(tokens, options);
}

auto detail::parse_imported_bundle_suffix_cst(std::string_view input, const cpf::parse_options& options) -> cpf::parse_result<cpf::cst_node> {
   auto tokens = detail::lex_imported_bundle_generated(input);
   return parse_imported_bundle_suffix_cst(tokens, options);
}

auto detail::parse_imported_bundle_suffix_default(const cpf::token_sequence& tokens, const cpf::parse_options& options) -> cpf::parse_result<imported_bundle_suffix> {
   return parse_generated<imported_bundle_suffix>(tokens, 1, options);
}

auto detail::parse_imported_bundle_suffix_cst(const cpf::token_sequence& tokens, const cpf::parse_options& options) -> cpf::parse_result<cpf::cst_node> {
   return parse_generated_cst(tokens, 1, options);
}

auto detail::recognize_imported_bundle_suffix_default(std::string_view input) -> cpf::recognize_result {
   auto tokens = detail::lex_imported_bundle_generated(input);
   return recognize_imported_bundle_suffix_default(tokens);
}

auto detail::recognize_imported_bundle_suffix_default(const cpf::token_sequence& tokens) -> cpf::recognize_result {
   return recognize_generated<imported_bundle_suffix>(tokens, 1);
}

namespace {
   std::array<cpf::complexity, 1> imported_bundle_suffix_complexity_cache{};
} // namespace

auto detail::complexity_inputs_imported_bundle_suffix_default(std::size_t production_index) -> std::span<const std::string_view> {
   switch (production_index) {
      case 0:
         return std::span<const std::string_view>{imported_bundle_suffix_complexity_inputs_0.data(), imported_bundle_suffix_complexity_inputs_0.size()};
      default:
         throw std::out_of_range{"Unknown production index " + std::to_string(production_index) + " for rule 'imported_bundle_suffix'"};
   }
}

auto detail::complexity_imported_bundle_suffix_default(std::size_t production_index) -> const cpf::complexity& {
   switch (production_index) {
      case 0:
         return imported_bundle_suffix_complexity_cache[0];
      default:
         throw std::out_of_range{"Unknown production index " + std::to_string(production_index) + " for rule 'imported_bundle_suffix'"};
   }
}

auto detail::recompute_complexity_imported_bundle_suffix_default(std::size_t production_index) -> const cpf::complexity& {
   switch (production_index) {
      case 0:
         imported_bundle_suffix_complexity_cache[0] = compute_generated_rule_complexity<imported_bundle_suffix>(imported_bundle_suffix_complexity_inputs_0, "imported_bundle_suffix", 0, 1);
         return imported_bundle_suffix_complexity_cache[0];
      default:
         throw std::out_of_range{"Unknown production index " + std::to_string(production_index) + " for rule 'imported_bundle_suffix'"};
   }
}

auto detail::parse_imported_bundle_greeting_default(std::string_view input, const cpf::parse_options& options) -> cpf::parse_result<imported_bundle_greeting> {
   auto tokens = detail::lex_imported_bundle_generated(input);
   return parse_imported_bundle_greeting_default(tokens, options);
}

auto detail::parse_imported_bundle_greeting_cst(std::string_view input, const cpf::parse_options& options) -> cpf::parse_result<cpf::cst_node> {
   auto tokens = detail::lex_imported_bundle_generated(input);
   return parse_imported_bundle_greeting_cst(tokens, options);
}

auto detail::parse_imported_bundle_greeting_default(const cpf::token_sequence& tokens, const cpf::parse_options& options) -> cpf::parse_result<imported_bundle_greeting> {
   return parse_generated<imported_bundle_greeting>(tokens, 2, options);
}

auto detail::parse_imported_bundle_greeting_cst(const cpf::token_sequence& tokens, const cpf::parse_options& options) -> cpf::parse_result<cpf::cst_node> {
   return parse_generated_cst(tokens, 2, options);
}

auto detail::recognize_imported_bundle_greeting_default(std::string_view input) -> cpf::recognize_result {
   auto tokens = detail::lex_imported_bundle_generated(input);
   return recognize_imported_bundle_greeting_default(tokens);
}

auto detail::recognize_imported_bundle_greeting_default(const cpf::token_sequence& tokens) -> cpf::recognize_result {
   return recognize_generated<imported_bundle_greeting>(tokens, 2);
}

namespace {
   std::array<cpf::complexity, 1> imported_bundle_greeting_complexity_cache{};
} // namespace

auto detail::complexity_inputs_imported_bundle_greeting_default(std::size_t production_index) -> std::span<const std::string_view> {
   switch (production_index) {
      case 0:
         return std::span<const std::string_view>{imported_bundle_greeting_complexity_inputs_0.data(), imported_bundle_greeting_complexity_inputs_0.size()};
      default:
         throw std::out_of_range{"Unknown production index " + std::to_string(production_index) + " for rule 'imported_bundle_greeting'"};
   }
}

auto detail::complexity_imported_bundle_greeting_default(std::size_t production_index) -> const cpf::complexity& {
   switch (production_index) {
      case 0:
         return imported_bundle_greeting_complexity_cache[0];
      default:
         throw std::out_of_range{"Unknown production index " + std::to_string(production_index) + " for rule 'imported_bundle_greeting'"};
   }
}

auto detail::recompute_complexity_imported_bundle_greeting_default(std::size_t production_index) -> const cpf::complexity& {
   switch (production_index) {
      case 0:
         imported_bundle_greeting_complexity_cache[0] = compute_generated_rule_complexity<imported_bundle_greeting>(imported_bundle_greeting_complexity_inputs_0, "imported_bundle_greeting", 0, 2);
         return imported_bundle_greeting_complexity_cache[0];
      default:
         throw std::out_of_range{"Unknown production index " + std::to_string(production_index) + " for rule 'imported_bundle_greeting'"};
   }
}

auto detail::parse_imported_bundle_parting_default(std::string_view input, const cpf::parse_options& options) -> cpf::parse_result<imported_bundle_parting> {
   auto tokens = detail::lex_imported_bundle_generated(input);
   return parse_imported_bundle_parting_default(tokens, options);
}

auto detail::parse_imported_bundle_parting_cst(std::string_view input, const cpf::parse_options& options) -> cpf::parse_result<cpf::cst_node> {
   auto tokens = detail::lex_imported_bundle_generated(input);
   return parse_imported_bundle_parting_cst(tokens, options);
}

auto detail::parse_imported_bundle_parting_default(const cpf::token_sequence& tokens, const cpf::parse_options& options) -> cpf::parse_result<imported_bundle_parting> {
   return parse_generated<imported_bundle_parting>(tokens, 3, options);
}

auto detail::parse_imported_bundle_parting_cst(const cpf::token_sequence& tokens, const cpf::parse_options& options) -> cpf::parse_result<cpf::cst_node> {
   return parse_generated_cst(tokens, 3, options);
}

auto detail::recognize_imported_bundle_parting_default(std::string_view input) -> cpf::recognize_result {
   auto tokens = detail::lex_imported_bundle_generated(input);
   return recognize_imported_bundle_parting_default(tokens);
}

auto detail::recognize_imported_bundle_parting_default(const cpf::token_sequence& tokens) -> cpf::recognize_result {
   return recognize_generated<imported_bundle_parting>(tokens, 3);
}

namespace {
   std::array<cpf::complexity, 1> imported_bundle_parting_complexity_cache{};
} // namespace

auto detail::complexity_inputs_imported_bundle_parting_default(std::size_t production_index) -> std::span<const std::string_view> {
   switch (production_index) {
      case 0:
         return std::span<const std::string_view>{imported_bundle_parting_complexity_inputs_0.data(), imported_bundle_parting_complexity_inputs_0.size()};
      default:
         throw std::out_of_range{"Unknown production index " + std::to_string(production_index) + " for rule 'imported_bundle_parting'"};
   }
}

auto detail::complexity_imported_bundle_parting_default(std::size_t production_index) -> const cpf::complexity& {
   switch (production_index) {
      case 0:
         return imported_bundle_parting_complexity_cache[0];
      default:
         throw std::out_of_range{"Unknown production index " + std::to_string(production_index) + " for rule 'imported_bundle_parting'"};
   }
}

auto detail::recompute_complexity_imported_bundle_parting_default(std::size_t production_index) -> const cpf::complexity& {
   switch (production_index) {
      case 0:
         imported_bundle_parting_complexity_cache[0] = compute_generated_rule_complexity<imported_bundle_parting>(imported_bundle_parting_complexity_inputs_0, "imported_bundle_parting", 0, 3);
         return imported_bundle_parting_complexity_cache[0];
      default:
         throw std::out_of_range{"Unknown production index " + std::to_string(production_index) + " for rule 'imported_bundle_parting'"};
   }
}

auto detail::parse_imported_bundle_message_default(std::string_view input, const cpf::parse_options& options) -> cpf::parse_result<imported_bundle_message> {
   auto tokens = detail::lex_imported_bundle_generated(input);
   return parse_imported_bundle_message_default(tokens, options);
}

auto detail::parse_imported_bundle_message_cst(std::string_view input, const cpf::parse_options& options) -> cpf::parse_result<cpf::cst_node> {
   auto tokens = detail::lex_imported_bundle_generated(input);
   return parse_imported_bundle_message_cst(tokens, options);
}

auto detail::parse_imported_bundle_message_default(const cpf::token_sequence& tokens, const cpf::parse_options& options) -> cpf::parse_result<imported_bundle_message> {
   return parse_generated<imported_bundle_message>(tokens, 4, options);
}

auto detail::parse_imported_bundle_message_cst(const cpf::token_sequence& tokens, const cpf::parse_options& options) -> cpf::parse_result<cpf::cst_node> {
   return parse_generated_cst(tokens, 4, options);
}

auto detail::recognize_imported_bundle_message_default(std::string_view input) -> cpf::recognize_result {
   auto tokens = detail::lex_imported_bundle_generated(input);
   return recognize_imported_bundle_message_default(tokens);
}

auto detail::recognize_imported_bundle_message_default(const cpf::token_sequence& tokens) -> cpf::recognize_result {
   return recognize_generated<imported_bundle_message>(tokens, 4);
}

namespace {
   std::array<cpf::complexity, 2> imported_bundle_message_complexity_cache{};
} // namespace

auto detail::complexity_inputs_imported_bundle_message_default(std::size_t production_index) -> std::span<const std::string_view> {
   switch (production_index) {
      case 0:
         return std::span<const std::string_view>{imported_bundle_message_complexity_inputs_0.data(), imported_bundle_message_complexity_inputs_0.size()};
      case 1:
         return std::span<const std::string_view>{imported_bundle_message_complexity_inputs_1.data(), imported_bundle_message_complexity_inputs_1.size()};
      default:
         throw std::out_of_range{"Unknown production index " + std::to_string(production_index) + " for rule 'imported_bundle_message'"};
   }
}

auto detail::complexity_imported_bundle_message_default(std::size_t production_index) -> const cpf::complexity& {
   switch (production_index) {
      case 0:
         return imported_bundle_message_complexity_cache[0];
      case 1:
         return imported_bundle_message_complexity_cache[1];
      default:
         throw std::out_of_range{"Unknown production index " + std::to_string(production_index) + " for rule 'imported_bundle_message'"};
   }
}

auto detail::recompute_complexity_imported_bundle_message_default(std::size_t production_index) -> const cpf::complexity& {
   switch (production_index) {
      case 0:
         imported_bundle_message_complexity_cache[0] = compute_generated_rule_complexity<imported_bundle_message>(imported_bundle_message_complexity_inputs_0, "imported_bundle_message", 0, 4);
         return imported_bundle_message_complexity_cache[0];
      case 1:
         imported_bundle_message_complexity_cache[1] = compute_generated_rule_complexity<imported_bundle_message>(imported_bundle_message_complexity_inputs_1, "imported_bundle_message", 1, 4);
         return imported_bundle_message_complexity_cache[1];
      default:
         throw std::out_of_range{"Unknown production index " + std::to_string(production_index) + " for rule 'imported_bundle_message'"};
   }
}

