#include "namespaced_calculator.h"
#include <runtime/runtime.h>

#include <array>
#include <ostream>
#include <regex>
#include <stdexcept>
#include <utility>

namespace generated::fixtures {

namespace {
   using parse_node_ptr = cpf::detail::parse_node_ptr;
   const std::regex regex_0{"[0-9]+", std::regex_constants::optimize};
   const std::regex regex_1{"[ \t\r\n]+", std::regex_constants::optimize};
   const std::regex regex_2{"//[^\n]*", std::regex_constants::optimize};
   constexpr std::array<std::string_view, 4> expression_complexity_inputs_0{{
      "0 + 0",
      "0 + 0 + 0 + 0",
      "0 + 0 + 0 + 0 + 0 + 0 + 0 + 0",
      "0 + 0 + 0 + 0 + 0 + 0 + 0 + 0 + 0 + 0 + 0 + 0 + 0 + 0 + 0 + 0"
   }};
   constexpr std::array<std::string_view, 4> expression_complexity_inputs_1{{
      "0",
      "00",
      "000",
      "0000"
   }};
   constexpr std::array<std::string_view, 4> addition_complexity_inputs_0{{
      "0 + 0",
      "0 + 0 + 0 + 0",
      "0 + 0 + 0 + 0 + 0 + 0 + 0 + 0",
      "0 + 0 + 0 + 0 + 0 + 0 + 0 + 0 + 0 + 0 + 0 + 0 + 0 + 0 + 0 + 0"
   }};
   constexpr std::array<std::string_view, 4> number_complexity_inputs_0{{
      "0",
      "00",
      "000",
      "0000"
   }};
} // namespace

namespace {
   constexpr std::array<cpf::detail::parser_symbol, 1> production_0_symbols{{
      {cpf::detail::parser_symbol_kind::nonterminal, 1, "addition"}
   }};
} // namespace

namespace {
   constexpr std::array<cpf::detail::parser_symbol, 1> production_1_symbols{{
      {cpf::detail::parser_symbol_kind::nonterminal, 2, "number"}
   }};
} // namespace

namespace {
   constexpr std::array<cpf::detail::parser_symbol, 3> production_2_symbols{{
      {cpf::detail::parser_symbol_kind::nonterminal, 0, "expression"},
      {cpf::detail::parser_symbol_kind::terminal, 0, "+"},
      {cpf::detail::parser_symbol_kind::nonterminal, 0, "expression"}
   }};
} // namespace

namespace {
   constexpr std::array<cpf::detail::parser_symbol, 1> production_3_symbols{{
      {cpf::detail::parser_symbol_kind::terminal, 1, "[0-9]+"}
   }};
} // namespace

namespace {
   constexpr std::array<cpf::detail::lexer_symbol_spec, 2> grammar_token_symbols{{
      {cpf::detail::lexer_symbol_kind::literal, "+", nullptr, 6},
      {cpf::detail::lexer_symbol_kind::regex, "[0-9]+", &regex_0, 7}
   }};
   constexpr std::array<cpf::detail::production_spec, 4> grammar_productions{{
      {0, "expression", "expression -> addition", production_0_symbols.data(), production_0_symbols.size()},
      {0, "expression", "expression -> number", production_1_symbols.data(), production_1_symbols.size()},
      {1, "addition", "addition -> expression:left '+':op expression:right", production_2_symbols.data(), production_2_symbols.size()},
      {2, "number", "number -> r'[0-9]+':value", production_3_symbols.data(), production_3_symbols.size()}
   }};
   constexpr std::array<std::size_t, 4> grammar_rule_production_indices{{
      0,
      1,
      2,
      3
   }};
   constexpr std::array<std::size_t, 3> grammar_rule_production_offsets{{
      0,
      2,
      3
   }};
   constexpr std::array<std::size_t, 3> grammar_rule_production_counts{{
      2,
      1,
      1
   }};
   constexpr std::array<std::string_view, 3> grammar_rule_expected_labels{{
      "",
      "",
      ""
   }};
   constexpr std::array<cpf::detail::lexer_symbol_spec, 2> grammar_skip_symbols{{
      {cpf::detail::lexer_symbol_kind::regex, "[ \t\r\n]+", &regex_1, 2},
      {cpf::detail::lexer_symbol_kind::regex, "//[^\n]*", &regex_2, 3}
   }};
   constexpr cpf::detail::grammar_spec grammar_spec{grammar_productions.data(), grammar_productions.size(), 3, grammar_rule_expected_labels.data(), grammar_rule_production_indices.data(), grammar_rule_production_offsets.data(), grammar_rule_production_counts.data(), grammar_token_symbols.data(), grammar_token_symbols.size(), grammar_skip_symbols.data(), grammar_skip_symbols.size(), false};
   constexpr std::array<std::string_view, 3> grammar_rule_names{{
      "expression",
      "addition",
      "number"
   }};

   constexpr std::array<cpf::detail::validation_constraint_spec, 1> production_validation_constraints_2{{
      { 1, true, 0, 2 }
   }};

   constexpr std::array<cpf::detail::production_model_metadata, 4> production_model_metadata{{
      { true, false, 0, "expression", 0, 0, true, nullptr, 0 },
      { true, false, 0, "expression", 1, 0, true, nullptr, 0 },
      { true, false, 1, "addition", 0, 1, false, production_validation_constraints_2.data(), production_validation_constraints_2.size() },
      { true, false, 2, "number", 0, 0, false, nullptr, 0 }
   }};
   constexpr cpf::detail::model_spec grammar_model{grammar_spec, production_model_metadata.data(), production_model_metadata.size(), grammar_rule_names.data()};

   template<typename Rule, std::size_t SampleCount>
   cpf::complexity compute_generated_rule_complexity(const std::array<std::string_view, SampleCount>& inputs, std::string_view rule_name, std::size_t rule_id, std::size_t root_rule) {
      std::vector<std::tuple<std::string_view>> args;
      args.reserve(inputs.size());
      std::vector<double> arg_sizes;
      arg_sizes.reserve(inputs.size());
      for (const auto input : inputs) {
         args.emplace_back(input);
         arg_sizes.push_back(static_cast<double>(input.size()));
      }
      return cpf::complexity_of(
         [rule_name, rule_id, root_rule](std::string_view input) {
            auto result = cpf::detail::earley_recognize(input, grammar_spec, root_rule);
            if (!result.success) {
               throw std::runtime_error{"Generated complexity sample for rule '" + std::string{rule_name} + "' definition " + std::to_string(rule_id) + " failed to parse input: " + (result.error.has_value() ? result.error->message : std::string{"unknown parse failure"})};
            }
            return static_cast<std::size_t>(result.success);
         },
         std::move(args),
         std::move(arg_sizes));
   }
   std::unique_ptr<cpf::node> build_node(const parse_node_ptr& tree);

   template<typename T>
   std::unique_ptr<T> release_built_node_as(std::unique_ptr<cpf::node> built) {
      if (built == nullptr) {
         return nullptr;
      }
      auto* raw = dynamic_cast<T*>(built.get());
      if (raw == nullptr) {
         throw std::runtime_error{"Generated node cast failed"};
      }
      built.release();
      return std::unique_ptr<T>{raw};
   }


   int precedence_of_expression(const expression& node) {
      switch (node.rule_id()) {
         case addition::RuleId: {
            const auto& value = static_cast<const addition&>(node);
            switch (value.production_index) {
               case 0:
                  return 1;
               default:
                  return 0;
            }
         }
         default:
            return 0;
      }
   }

   bool validate_expression_child(const expression& child, int precedence, bool left_associative, bool is_left_child) {
      auto child_precedence = precedence_of_expression(child);
      if (child_precedence == 0) {
         return true;
      }
      if (child_precedence < precedence) {
         return false;
      }
      if (child_precedence > precedence) {
         return true;
      }
      return is_left_child ? left_associative : !left_associative;
   }

   [[maybe_unused]] bool validate_generated_node(const cpf::node& node) {
      switch (node.rule_id()) {
         case addition::RuleId: {
            const auto& value = static_cast<const addition&>(node);
            if (value.left && !validate_generated_node(*value.left)) {
               return false;
            }
            if (value.right && !validate_generated_node(*value.right)) {
               return false;
            }
            switch (value.production_index) {
               case 0:
                  if (value.left && !validate_expression_child(*value.left, 1, true, true)) {
                     return false;
                  }
                  if (value.right && !validate_expression_child(*value.right, 1, true, false)) {
                     return false;
                  }
                  break;
               default:
                  break;
            }
            return true;
         }
         case number::RuleId: {
            return true;
         }
         default:
            return true;
      }
   }

   std::unique_ptr<cpf::node> build_node(const parse_node_ptr& tree) {
      switch (tree->production) {
         case 0: {
            return build_node(cpf::detail::node_child_at(tree, 0));
         }
         case 1: {
            return build_node(cpf::detail::node_child_at(tree, 0));
         }
         case 2: {
            auto node = std::make_unique<addition>();
            node->production_index = 0;
            node->range = tree->range;
            for (const auto& damage : tree->damage) {
               cpf::detail::add_damage(*node, damage);
            }
            auto child_0 = build_node(cpf::detail::node_child_at(tree, 0));
            node->left = release_built_node_as<expression>(std::move(child_0));
            node->op = cpf::detail::matched_child_at(tree, 1);
            auto child_2 = build_node(cpf::detail::node_child_at(tree, 2));
            node->right = release_built_node_as<expression>(std::move(child_2));
            return node;
         }
         case 3: {
            auto node = std::make_unique<number>();
            node->production_index = 0;
            node->range = tree->range;
            for (const auto& damage : tree->damage) {
               cpf::detail::add_damage(*node, damage);
            }
            node->value = cpf::detail::matched_child_at(tree, 0);
            return node;
         }
         default:
            throw std::runtime_error{"Unknown parse production"};
      }
   }

   template<typename T>
   cpf::recognize_result recognize_generated(const cpf::token_sequence& tokens, std::size_t root_rule) {
      cpf::recognize_result result;
      auto recognized = cpf::detail::earley_recognize(tokens, grammar_spec, root_rule);
      result.success = recognized.success;
      if (!recognized.success) {
         result.error = std::move(recognized.error);
      }
      return result;
   }

   template<typename T>
   cpf::recognize_result recognize_generated(std::string_view input, std::size_t root_rule) {
      auto tokens = cpf::detail::lex_input(input, grammar_spec);
      return recognize_generated<T>(tokens, root_rule);
   }

   template<typename T>
   cpf::parse_result<T> parse_generated(const cpf::token_sequence& tokens, std::size_t root_rule, const cpf::parse_options& options) {
      return cpf::detail::parse_shared_forest<T>(
         [&]() { return cpf::detail::earley_recognize(tokens, grammar_spec, root_rule); },
         [&](cpf::detail::forest_span_order order) {
            return cpf::detail::earley_parse(tokens, grammar_spec, root_rule, options.allow_partial, order);
         },
         grammar_model,
         root_rule,
         options,
         [](const parse_node_ptr& tree) { return cpf::detail::validate_parse_tree(tree, grammar_model); },
         [](const parse_node_ptr& tree) {
            auto built = build_node(tree);
            return release_built_node_as<T>(std::move(built));
         },
         [](const T& root, std::vector<const cpf::node*>& damaged_nodes) {
            visit_recursive(root, [&](auto& current) {
               if (current.is_damaged()) {
                  damaged_nodes.push_back(&current);
               }
            });
         });
   }

   template<typename T>
   cpf::parse_result<T> parse_generated(std::string_view input, std::size_t root_rule, const cpf::parse_options& options) {
      auto tokens = cpf::detail::lex_input(input, grammar_spec);
      return parse_generated<T>(tokens, root_rule, options);
   }

   cpf::parse_result<cpf::cst_node> parse_generated_cst(const cpf::token_sequence& tokens, std::size_t root_rule, const cpf::parse_options& options) {
      return cpf::detail::parse_shared_forest<cpf::cst_node>(
         [&]() { return cpf::detail::earley_recognize(tokens, grammar_spec, root_rule); },
         [&](cpf::detail::forest_span_order order) {
            return cpf::detail::earley_parse(tokens, grammar_spec, root_rule, options.allow_partial, order);
         },
         grammar_model,
         root_rule,
         options,
         [](const parse_node_ptr& tree) { return cpf::detail::validate_parse_tree(tree, grammar_model); },
         [](const parse_node_ptr& tree) { return cpf::detail::build_cst_node(tree, grammar_model); },
         [](const cpf::cst_node& root, std::vector<const cpf::node*>& damaged_nodes) {
            cpf::visit_cst_recursive(root, [&](const cpf::cst_node& current) {
               if (current.is_damaged()) {
                  damaged_nodes.push_back(&current);
               }
            });
         });
   }

   [[maybe_unused]] cpf::parse_result<cpf::cst_node> parse_generated_cst(std::string_view input, std::size_t root_rule, const cpf::parse_options& options) {
      auto tokens = cpf::detail::lex_input(input, grammar_spec);
      return parse_generated_cst(tokens, root_rule, options);
   }
} // namespace

auto detail::lex_namespaced_calculator_generated(std::string_view input) -> cpf::token_sequence {
   return cpf::detail::lex_input(input, grammar_spec);
}

auto detail::parse_expression_default(std::string_view input, const cpf::parse_options& options) -> cpf::parse_result<expression> {
   auto tokens = detail::lex_namespaced_calculator_generated(input);
   return parse_expression_default(tokens, options);
}

auto detail::parse_expression_cst(std::string_view input, const cpf::parse_options& options) -> cpf::parse_result<cpf::cst_node> {
   auto tokens = detail::lex_namespaced_calculator_generated(input);
   return parse_expression_cst(tokens, options);
}

auto detail::parse_expression_default(const cpf::token_sequence& tokens, const cpf::parse_options& options) -> cpf::parse_result<expression> {
   return parse_generated<expression>(tokens, 0, options);
}

auto detail::parse_expression_cst(const cpf::token_sequence& tokens, const cpf::parse_options& options) -> cpf::parse_result<cpf::cst_node> {
   return parse_generated_cst(tokens, 0, options);
}

auto detail::recognize_expression_default(std::string_view input) -> cpf::recognize_result {
   auto tokens = detail::lex_namespaced_calculator_generated(input);
   return recognize_expression_default(tokens);
}

auto detail::recognize_expression_default(const cpf::token_sequence& tokens) -> cpf::recognize_result {
   return recognize_generated<expression>(tokens, 0);
}

namespace {
   std::array<cpf::complexity, 2> expression_complexity_cache{};
} // namespace

auto detail::complexity_inputs_expression_default(std::size_t production_index) -> std::span<const std::string_view> {
   switch (production_index) {
      case 0:
         return std::span<const std::string_view>{expression_complexity_inputs_0.data(), expression_complexity_inputs_0.size()};
      case 1:
         return std::span<const std::string_view>{expression_complexity_inputs_1.data(), expression_complexity_inputs_1.size()};
      default:
         throw std::out_of_range{"Unknown production index " + std::to_string(production_index) + " for rule 'expression'"};
   }
}

auto detail::complexity_expression_default(std::size_t production_index) -> const cpf::complexity& {
   switch (production_index) {
      case 0:
         return expression_complexity_cache[0];
      case 1:
         return expression_complexity_cache[1];
      default:
         throw std::out_of_range{"Unknown production index " + std::to_string(production_index) + " for rule 'expression'"};
   }
}

auto detail::recompute_complexity_expression_default(std::size_t production_index) -> const cpf::complexity& {
   switch (production_index) {
      case 0:
         expression_complexity_cache[0] = compute_generated_rule_complexity<expression>(expression_complexity_inputs_0, "expression", 0, 0);
         return expression_complexity_cache[0];
      case 1:
         expression_complexity_cache[1] = compute_generated_rule_complexity<expression>(expression_complexity_inputs_1, "expression", 1, 0);
         return expression_complexity_cache[1];
      default:
         throw std::out_of_range{"Unknown production index " + std::to_string(production_index) + " for rule 'expression'"};
   }
}

auto detail::parse_addition_default(std::string_view input, const cpf::parse_options& options) -> cpf::parse_result<addition> {
   auto tokens = detail::lex_namespaced_calculator_generated(input);
   return parse_addition_default(tokens, options);
}

auto detail::parse_addition_cst(std::string_view input, const cpf::parse_options& options) -> cpf::parse_result<cpf::cst_node> {
   auto tokens = detail::lex_namespaced_calculator_generated(input);
   return parse_addition_cst(tokens, options);
}

auto detail::parse_addition_default(const cpf::token_sequence& tokens, const cpf::parse_options& options) -> cpf::parse_result<addition> {
   return parse_generated<addition>(tokens, 1, options);
}

auto detail::parse_addition_cst(const cpf::token_sequence& tokens, const cpf::parse_options& options) -> cpf::parse_result<cpf::cst_node> {
   return parse_generated_cst(tokens, 1, options);
}

auto detail::recognize_addition_default(std::string_view input) -> cpf::recognize_result {
   auto tokens = detail::lex_namespaced_calculator_generated(input);
   return recognize_addition_default(tokens);
}

auto detail::recognize_addition_default(const cpf::token_sequence& tokens) -> cpf::recognize_result {
   return recognize_generated<addition>(tokens, 1);
}

namespace {
   std::array<cpf::complexity, 1> addition_complexity_cache{};
} // namespace

auto detail::complexity_inputs_addition_default(std::size_t production_index) -> std::span<const std::string_view> {
   switch (production_index) {
      case 0:
         return std::span<const std::string_view>{addition_complexity_inputs_0.data(), addition_complexity_inputs_0.size()};
      default:
         throw std::out_of_range{"Unknown production index " + std::to_string(production_index) + " for rule 'addition'"};
   }
}

auto detail::complexity_addition_default(std::size_t production_index) -> const cpf::complexity& {
   switch (production_index) {
      case 0:
         return addition_complexity_cache[0];
      default:
         throw std::out_of_range{"Unknown production index " + std::to_string(production_index) + " for rule 'addition'"};
   }
}

auto detail::recompute_complexity_addition_default(std::size_t production_index) -> const cpf::complexity& {
   switch (production_index) {
      case 0:
         addition_complexity_cache[0] = compute_generated_rule_complexity<addition>(addition_complexity_inputs_0, "addition", 0, 1);
         return addition_complexity_cache[0];
      default:
         throw std::out_of_range{"Unknown production index " + std::to_string(production_index) + " for rule 'addition'"};
   }
}

auto detail::parse_number_default(std::string_view input, const cpf::parse_options& options) -> cpf::parse_result<number> {
   auto tokens = detail::lex_namespaced_calculator_generated(input);
   return parse_number_default(tokens, options);
}

auto detail::parse_number_cst(std::string_view input, const cpf::parse_options& options) -> cpf::parse_result<cpf::cst_node> {
   auto tokens = detail::lex_namespaced_calculator_generated(input);
   return parse_number_cst(tokens, options);
}

auto detail::parse_number_default(const cpf::token_sequence& tokens, const cpf::parse_options& options) -> cpf::parse_result<number> {
   return parse_generated<number>(tokens, 2, options);
}

auto detail::parse_number_cst(const cpf::token_sequence& tokens, const cpf::parse_options& options) -> cpf::parse_result<cpf::cst_node> {
   return parse_generated_cst(tokens, 2, options);
}

auto detail::recognize_number_default(std::string_view input) -> cpf::recognize_result {
   auto tokens = detail::lex_namespaced_calculator_generated(input);
   return recognize_number_default(tokens);
}

auto detail::recognize_number_default(const cpf::token_sequence& tokens) -> cpf::recognize_result {
   return recognize_generated<number>(tokens, 2);
}

namespace {
   std::array<cpf::complexity, 1> number_complexity_cache{};
} // namespace

auto detail::complexity_inputs_number_default(std::size_t production_index) -> std::span<const std::string_view> {
   switch (production_index) {
      case 0:
         return std::span<const std::string_view>{number_complexity_inputs_0.data(), number_complexity_inputs_0.size()};
      default:
         throw std::out_of_range{"Unknown production index " + std::to_string(production_index) + " for rule 'number'"};
   }
}

auto detail::complexity_number_default(std::size_t production_index) -> const cpf::complexity& {
   switch (production_index) {
      case 0:
         return number_complexity_cache[0];
      default:
         throw std::out_of_range{"Unknown production index " + std::to_string(production_index) + " for rule 'number'"};
   }
}

auto detail::recompute_complexity_number_default(std::size_t production_index) -> const cpf::complexity& {
   switch (production_index) {
      case 0:
         number_complexity_cache[0] = compute_generated_rule_complexity<number>(number_complexity_inputs_0, "number", 0, 2);
         return number_complexity_cache[0];
      default:
         throw std::out_of_range{"Unknown production index " + std::to_string(production_index) + " for rule 'number'"};
   }
}

} // namespace generated::fixtures

